// Jest Snapshot v1, https://goo.gl/fbAQLP

exports[`LoginForm component renders without crashing 1`] = `
<main
  role="main"
>
  <header>
    <h1>
      New Post
    </h1>
  </header>
  <section>
    <form
      id="add-post-form"
    >
      <div
        className="form-section grid-container"
      >
        <label
          htmlFor="post_title"
        >
          Post title
        </label>
        <input
          id="post_title"
          name="post_title"
          placeholder="Feeling Unstoppable"
          required={true}
          type="text"
        />
      </div>
      <div
        className="form-section grid-container"
      >
        <label
          htmlFor="post_content"
        >
          Post Content
          <br />
          (Tell us about your current journey, how you are feeling, or just any tips you might have!)
        </label>
        <textarea
          id="post_content"
          name="post_content"
          required={true}
          rows="10"
        />
      </div>
      <button
        className="sub-btn"
        type="submit"
      >
        Submit
      </button>
      <button
        className="rst-btn"
        type="reset"
      >
        Reset
      </button>
      <p>
        Both title and content field are required
      </p>
    </form>
  </section>
</main>
`;
